// Jest Snapshot v1, https://goo.gl/fbAQLP

exports[`Inputs Snapshot: ColorPicker.jsx 1`] = `
<div>
  <div>
    <button
      className="ant-btn ant-btn-icon-only fill color-null"
      onClick={[Function]}
      type="button"
    >
      <span />
    </button>
  </div>
</div>
`;

exports[`Inputs Snapshot: DateSwitcher.jsx 1`] = `
<div>
  <div
    className="ant-row"
    style={
      Object {
        "justifyContent": "center",
        "marginLeft": -2,
        "marginRight": -2,
      }
    }
  >
    <div
      className="ant-col"
      style={
        Object {
          "paddingLeft": 2,
          "paddingRight": 2,
        }
      }
    >
      <button
        className="ant-btn ant-btn-icon-only"
        disabled={false}
        onClick={[Function]}
        type="button"
      >
        <span
          aria-label="left"
          className="anticon anticon-left"
          role="img"
        >
          <svg
            aria-hidden="true"
            className=""
            data-icon="left"
            fill="currentColor"
            focusable="false"
            height="1em"
            viewBox="64 64 896 896"
            width="1em"
          >
            <path
              d="M724 218.3V141c0-6.7-7.7-10.4-12.9-6.3L260.3 486.8a31.86 31.86 0 000 50.3l450.8 352.1c5.3 4.1 12.9.4 12.9-6.3v-77.3c0-4.9-2.3-9.6-6.1-12.6l-360-281 360-281.1c3.8-3 6.1-7.7 6.1-12.6z"
            />
          </svg>
        </span>
      </button>
    </div>
    <div
      className="ant-col"
      style={
        Object {
          "paddingLeft": 2,
          "paddingRight": 2,
        }
      }
    >
      <div
        className="ant-picker"
        onMouseUp={[Function]}
      >
        <div
          className="ant-picker-input"
        >
          <input
            autoComplete="off"
            disabled={false}
            onBlur={[Function]}
            onChange={[Function]}
            onFocus={[Function]}
            onKeyDown={[Function]}
            onMouseDown={[Function]}
            placeholder="Select date"
            readOnly={true}
            size={14}
            title=""
            value=""
          />
          <span
            className="ant-picker-suffix"
          >
            <span
              aria-label="calendar"
              className="anticon anticon-calendar"
              role="img"
            >
              <svg
                aria-hidden="true"
                data-icon="calendar"
                fill="currentColor"
                focusable="false"
                height="1em"
                viewBox="64 64 896 896"
                width="1em"
              >
                <path
                  d="M880 184H712v-64c0-4.4-3.6-8-8-8h-56c-4.4 0-8 3.6-8 8v64H384v-64c0-4.4-3.6-8-8-8h-56c-4.4 0-8 3.6-8 8v64H144c-17.7 0-32 14.3-32 32v664c0 17.7 14.3 32 32 32h736c17.7 0 32-14.3 32-32V216c0-17.7-14.3-32-32-32zm-40 656H184V460h656v380zM184 392V256h128v48c0 4.4 3.6 8 8 8h56c4.4 0 8-3.6 8-8v-48h256v48c0 4.4 3.6 8 8 8h56c4.4 0 8-3.6 8-8v-48h128v136H184z"
                />
              </svg>
            </span>
          </span>
        </div>
      </div>
    </div>
    <div
      className="ant-col"
      style={
        Object {
          "paddingLeft": 2,
          "paddingRight": 2,
        }
      }
    >
      <button
        className="ant-btn ant-btn-icon-only"
        disabled={false}
        onClick={[Function]}
        type="button"
      >
        <span
          aria-label="right"
          className="anticon anticon-right"
          role="img"
        >
          <svg
            aria-hidden="true"
            className=""
            data-icon="right"
            fill="currentColor"
            focusable="false"
            height="1em"
            viewBox="64 64 896 896"
            width="1em"
          >
            <path
              d="M765.7 486.8L314.9 134.7A7.97 7.97 0 00302 141v77.3c0 4.9 2.3 9.6 6.1 12.6l360 281.1-360 281.1c-3.9 3-6.1 7.7-6.1 12.6V883c0 6.7 7.7 10.4 12.9 6.3l450.8-352.1a31.96 31.96 0 000-50.4z"
            />
          </svg>
        </span>
      </button>
    </div>
  </div>
</div>
`;

exports[`Inputs Snapshot: FormSubmit.jsx 1`] = `
<div
  className="ant-row ant-form-item form__submit"
  style={Object {}}
>
  <div
    className="ant-col ant-form-item-control"
    style={Object {}}
  >
    <div
      className="ant-form-item-control-input"
    >
      <div
        className="ant-form-item-control-input-content"
      >
        <button
          className="ant-btn ant-btn-primary"
          onClick={[Function]}
          type="submit"
        >
          <span>
            test submit
          </span>
        </button>
      </div>
    </div>
  </div>
</div>
`;

exports[`Inputs Snapshot: UserSelect.jsx 1`] = `
<div
  className="ant-select ant-select-multiple ant-select-show-search"
  onBlur={[Function]}
  onFocus={[Function]}
  onKeyDown={[Function]}
  onKeyUp={[Function]}
  onMouseDown={[Function]}
>
  <div
    className="ant-select-selector"
    onClick={[Function]}
    onMouseDown={[Function]}
  >
    <span
      className="ant-select-selection-search"
      style={
        Object {
          "width": 0,
        }
      }
    >
      <input
        aria-activedescendant="undefined_list_0"
        aria-autocomplete="list"
        aria-controls="undefined_list"
        aria-haspopup="listbox"
        aria-owns="undefined_list"
        autoComplete="off"
        className="ant-select-selection-search-input"
        onChange={[Function]}
        onCompositionEnd={[Function]}
        onCompositionStart={[Function]}
        onKeyDown={[Function]}
        onMouseDown={[Function]}
        onPaste={[Function]}
        readOnly={true}
        role="combobox"
        style={
          Object {
            "opacity": 0,
          }
        }
        type="search"
        unselectable="on"
        value=""
      />
      <span
        aria-hidden={true}
        className="ant-select-selection-search-mirror"
      >
        
        Â 
      </span>
    </span>
    <span
      className="ant-select-selection-placeholder"
    >
      Add users
    </span>
  </div>
</div>
`;
