// Jest Snapshot v1, https://goo.gl/fbAQLP

exports[`App.jsx Snapshot: Render with login 1`] = `
<section
  className="ant-layout ant-layout-has-sider layout fill"
>
  <div
    className="nav__button"
  >
    <div
      className=""
    >
      <button
        className="ant-btn ant-btn-primary ant-btn-lg"
        onClick={[Function]}
        type="button"
      >
        <span
          aria-label="menu"
          className="anticon anticon-menu"
          role="img"
        >
          <svg
            aria-hidden="true"
            className=""
            data-icon="menu"
            fill="currentColor"
            focusable="false"
            height="1em"
            viewBox="64 64 896 896"
            width="1em"
          >
            <path
              d="M904 160H120c-4.4 0-8 3.6-8 8v64c0 4.4 3.6 8 8 8h784c4.4 0 8-3.6 8-8v-64c0-4.4-3.6-8-8-8zm0 624H120c-4.4 0-8 3.6-8 8v64c0 4.4 3.6 8 8 8h784c4.4 0 8-3.6 8-8v-64c0-4.4-3.6-8-8-8zm0-312H120c-4.4 0-8 3.6-8 8v64c0 4.4 3.6 8 8 8h784c4.4 0 8-3.6 8-8v-64c0-4.4-3.6-8-8-8z"
            />
          </svg>
        </span>
      </button>
    </div>
  </div>
  <aside
    className="ant-layout-sider ant-layout-sider-dark ant-layout-sider-collapsed ant-layout-sider-has-trigger nav"
    style={
      Object {
        "flex": "0 0 80px",
        "height": "100vh",
        "left": 0,
        "maxWidth": "80px",
        "minWidth": "80px",
        "overflow": "auto",
        "position": "fixed",
        "width": "80px",
        "zIndex": 90,
      }
    }
  >
    <div
      className="ant-layout-sider-children"
    >
      <div
        className="nav__button"
        onClick={[Function]}
        style={
          Object {
            "position": "absolute",
            "right": 30,
            "top": 10,
          }
        }
      >
        <div
          className=""
        >
          <button
            className="ant-btn ant-btn-primary ant-btn-lg ant-btn-background-ghost"
            onClick={[Function]}
            type="button"
          >
            <span
              aria-label="close"
              className="anticon anticon-close"
              role="img"
            >
              <svg
                aria-hidden="true"
                className=""
                data-icon="close"
                fill="currentColor"
                focusable="false"
                height="1em"
                viewBox="64 64 896 896"
                width="1em"
              >
                <path
                  d="M563.8 512l262.5-312.9c4.4-5.2.7-13.1-6.1-13.1h-79.8c-4.7 0-9.2 2.1-12.3 5.7L511.6 449.8 295.1 191.7c-3-3.6-7.5-5.7-12.3-5.7H203c-6.8 0-10.5 7.9-6.1 13.1L459.4 512 196.9 824.9A7.95 7.95 0 00203 838h79.8c4.7 0 9.2-2.1 12.3-5.7l216.5-258.1 216.5 258.1c3 3.6 7.5 5.7 12.3 5.7h79.8c6.8 0 10.5-7.9 6.1-13.1L563.8 512z"
                />
              </svg>
            </span>
          </button>
        </div>
      </div>
      <div
        className="text-center"
        style={
          Object {
            "margin": 10,
          }
        }
      >
        <a
          href="/boards"
          onClick={[Function]}
        >
          <div
            className="logo"
          />
        </a>
      </div>
      <ul
        className="ant-menu ant-menu-dark ant-menu-inline-collapsed ant-menu-root ant-menu-vertical"
        onMouseEnter={[Function]}
        onTransitionEnd={[Function]}
        role="menu"
        style={
          Object {
            "paddingBottom": 40,
          }
        }
      >
        <li
          className="ant-menu-item ant-menu-item-selected"
          onClick={[Function]}
          onMouseEnter={[Function]}
          onMouseLeave={[Function]}
          role="menuitem"
          style={Object {}}
        >
          <span
            aria-label="appstore"
            className="anticon anticon-appstore"
            role="img"
          >
            <svg
              aria-hidden="true"
              className=""
              data-icon="appstore"
              fill="currentColor"
              focusable="false"
              height="1em"
              viewBox="64 64 896 896"
              width="1em"
            >
              <path
                d="M464 144H160c-8.8 0-16 7.2-16 16v304c0 8.8 7.2 16 16 16h304c8.8 0 16-7.2 16-16V160c0-8.8-7.2-16-16-16zm-52 268H212V212h200v200zm452-268H560c-8.8 0-16 7.2-16 16v304c0 8.8 7.2 16 16 16h304c8.8 0 16-7.2 16-16V160c0-8.8-7.2-16-16-16zm-52 268H612V212h200v200zM464 544H160c-8.8 0-16 7.2-16 16v304c0 8.8 7.2 16 16 16h304c8.8 0 16-7.2 16-16V560c0-8.8-7.2-16-16-16zm-52 268H212V612h200v200zm452-268H560c-8.8 0-16 7.2-16 16v304c0 8.8 7.2 16 16 16h304c8.8 0 16-7.2 16-16V560c0-8.8-7.2-16-16-16zm-52 268H612V612h200v200z"
              />
            </svg>
          </span>
          <span>
            <a
              aria-current="page"
              className="active"
              href="/boards"
              onClick={[Function]}
              style={Object {}}
            >
              Boards
            </a>
          </span>
        </li>
        <li
          className="ant-menu-item"
          onClick={[Function]}
          onMouseEnter={[Function]}
          onMouseLeave={[Function]}
          role="menuitem"
          style={Object {}}
        >
          <span
            aria-label="team"
            className="anticon anticon-team"
            role="img"
          >
            <svg
              aria-hidden="true"
              className=""
              data-icon="team"
              fill="currentColor"
              focusable="false"
              height="1em"
              viewBox="64 64 896 896"
              width="1em"
            >
              <path
                d="M824.2 699.9a301.55 301.55 0 00-86.4-60.4C783.1 602.8 812 546.8 812 484c0-110.8-92.4-201.7-203.2-200-109.1 1.7-197 90.6-197 200 0 62.8 29 118.8 74.2 155.5a300.95 300.95 0 00-86.4 60.4C345 754.6 314 826.8 312 903.8a8 8 0 008 8.2h56c4.3 0 7.9-3.4 8-7.7 1.9-58 25.4-112.3 66.7-153.5A226.62 226.62 0 01612 684c60.9 0 118.2 23.7 161.3 66.8C814.5 792 838 846.3 840 904.3c.1 4.3 3.7 7.7 8 7.7h56a8 8 0 008-8.2c-2-77-33-149.2-87.8-203.9zM612 612c-34.2 0-66.4-13.3-90.5-37.5a126.86 126.86 0 01-37.5-91.8c.3-32.8 13.4-64.5 36.3-88 24-24.6 56.1-38.3 90.4-38.7 33.9-.3 66.8 12.9 91 36.6 24.8 24.3 38.4 56.8 38.4 91.4 0 34.2-13.3 66.3-37.5 90.5A127.3 127.3 0 01612 612zM361.5 510.4c-.9-8.7-1.4-17.5-1.4-26.4 0-15.9 1.5-31.4 4.3-46.5.7-3.6-1.2-7.3-4.5-8.8-13.6-6.1-26.1-14.5-36.9-25.1a127.54 127.54 0 01-38.7-95.4c.9-32.1 13.8-62.6 36.3-85.6 24.7-25.3 57.9-39.1 93.2-38.7 31.9.3 62.7 12.6 86 34.4 7.9 7.4 14.7 15.6 20.4 24.4 2 3.1 5.9 4.4 9.3 3.2 17.6-6.1 36.2-10.4 55.3-12.4 5.6-.6 8.8-6.6 6.3-11.6-32.5-64.3-98.9-108.7-175.7-109.9-110.9-1.7-203.3 89.2-203.3 199.9 0 62.8 28.9 118.8 74.2 155.5-31.8 14.7-61.1 35-86.5 60.4-54.8 54.7-85.8 126.9-87.8 204a8 8 0 008 8.2h56.1c4.3 0 7.9-3.4 8-7.7 1.9-58 25.4-112.3 66.7-153.5 29.4-29.4 65.4-49.8 104.7-59.7 3.9-1 6.5-4.7 6-8.7z"
              />
            </svg>
          </span>
          <span>
            <a
              aria-current={null}
              href="/teams"
              onClick={[Function]}
            >
              Teams
            </a>
          </span>
        </li>
        <li
          className="ant-menu-item"
          onClick={[Function]}
          onMouseEnter={[Function]}
          onMouseLeave={[Function]}
          role="menuitem"
          style={Object {}}
        >
          <span
            aria-label="user"
            className="anticon anticon-user"
            role="img"
          >
            <svg
              aria-hidden="true"
              className=""
              data-icon="user"
              fill="currentColor"
              focusable="false"
              height="1em"
              viewBox="64 64 896 896"
              width="1em"
            >
              <path
                d="M858.5 763.6a374 374 0 00-80.6-119.5 375.63 375.63 0 00-119.5-80.6c-.4-.2-.8-.3-1.2-.5C719.5 518 760 444.7 760 362c0-137-111-248-248-248S264 225 264 362c0 82.7 40.5 156 102.8 201.1-.4.2-.8.3-1.2.5-44.8 18.9-85 46-119.5 80.6a375.63 375.63 0 00-80.6 119.5A371.7 371.7 0 00136 901.8a8 8 0 008 8.2h60c4.4 0 7.9-3.5 8-7.8 2-77.2 33-149.5 87.8-204.3 56.7-56.7 132-87.9 212.2-87.9s155.5 31.2 212.2 87.9C779 752.7 810 825 812 902.2c.1 4.4 3.6 7.8 8 7.8h60a8 8 0 008-8.2c-1-47.8-10.9-94.3-29.5-138.2zM512 534c-45.9 0-89.1-17.9-121.6-50.4S340 407.9 340 362c0-45.9 17.9-89.1 50.4-121.6S466.1 190 512 190s89.1 17.9 121.6 50.4S684 316.1 684 362c0 45.9-17.9 89.1-50.4 121.6S557.9 534 512 534z"
              />
            </svg>
          </span>
          <span>
            <a
              aria-current={null}
              href="/users"
              onClick={[Function]}
            >
              Users
            </a>
          </span>
        </li>
        <li
          className="ant-menu-item"
          onClick={[Function]}
          onMouseEnter={[Function]}
          onMouseLeave={[Function]}
          role="menuitem"
          style={Object {}}
        >
          <span
            aria-label="key"
            className="anticon anticon-key"
            role="img"
          >
            <svg
              aria-hidden="true"
              className=""
              data-icon="key"
              fill="currentColor"
              focusable="false"
              height="1em"
              viewBox="64 64 896 896"
              width="1em"
            >
              <path
                d="M608 112c-167.9 0-304 136.1-304 304 0 70.3 23.9 135 63.9 186.5l-41.1 41.1-62.3-62.3a8.15 8.15 0 00-11.4 0l-39.8 39.8a8.15 8.15 0 000 11.4l62.3 62.3-44.9 44.9-62.3-62.3a8.15 8.15 0 00-11.4 0l-39.8 39.8a8.15 8.15 0 000 11.4l62.3 62.3-65.3 65.3a8.03 8.03 0 000 11.3l42.3 42.3c3.1 3.1 8.2 3.1 11.3 0l253.6-253.6A304.06 304.06 0 00608 720c167.9 0 304-136.1 304-304S775.9 112 608 112zm161.2 465.2C726.2 620.3 668.9 644 608 644c-60.9 0-118.2-23.7-161.2-66.8-43.1-43-66.8-100.3-66.8-161.2 0-60.9 23.7-118.2 66.8-161.2 43-43.1 100.3-66.8 161.2-66.8 60.9 0 118.2 23.7 161.2 66.8 43.1 43 66.8 100.3 66.8 161.2 0 60.9-23.7 118.2-66.8 161.2z"
              />
            </svg>
          </span>
          <span>
            <a
              aria-current={null}
              href="/credentials"
              onClick={[Function]}
            >
              Credentials
            </a>
          </span>
        </li>
        <div
          className="text-center"
          style={
            Object {
              "margin": 10,
            }
          }
        >
          <span
            className="ant-avatar ant-avatar-circle nav__avatar "
            style={Object {}}
          >
            <span
              className="ant-avatar-string"
              style={
                Object {
                  "WebkitTransform": "scale(1) translateX(-50%)",
                  "msTransform": "scale(1) translateX(-50%)",
                  "transform": "scale(1) translateX(-50%)",
                }
              }
            >
              T
            </span>
          </span>
        </div>
        <li
          className="ant-menu-item"
          onClick={[Function]}
          onMouseEnter={[Function]}
          onMouseLeave={[Function]}
          role="menuitem"
          style={Object {}}
        >
          <span
            aria-label="bell"
            className="anticon anticon-bell"
            role="img"
          >
            <svg
              aria-hidden="true"
              className=""
              data-icon="bell"
              fill="currentColor"
              focusable="false"
              height="1em"
              viewBox="64 64 896 896"
              width="1em"
            >
              <path
                d="M816 768h-24V428c0-141.1-104.3-257.8-240-277.2V112c0-22.1-17.9-40-40-40s-40 17.9-40 40v38.8C336.3 170.2 232 286.9 232 428v340h-24c-17.7 0-32 14.3-32 32v32c0 4.4 3.6 8 8 8h216c0 61.8 50.2 112 112 112s112-50.2 112-112h216c4.4 0 8-3.6 8-8v-32c0-17.7-14.3-32-32-32zM512 888c-26.5 0-48-21.5-48-48h96c0 26.5-21.5 48-48 48z"
              />
            </svg>
          </span>
          <span>
            Notifications
          </span>
        </li>
        <li
          className="ant-menu-item"
          onClick={[Function]}
          onMouseEnter={[Function]}
          onMouseLeave={[Function]}
          role="menuitem"
          style={Object {}}
        >
          <span
            aria-label="poweroff"
            className="anticon anticon-poweroff"
            role="img"
          >
            <svg
              aria-hidden="true"
              className=""
              data-icon="poweroff"
              fill="currentColor"
              focusable="false"
              height="1em"
              viewBox="64 64 896 896"
              width="1em"
            >
              <path
                d="M705.6 124.9a8 8 0 00-11.6 7.2v64.2c0 5.5 2.9 10.6 7.5 13.6a352.2 352.2 0 0162.2 49.8c32.7 32.8 58.4 70.9 76.3 113.3a355 355 0 0127.9 138.7c0 48.1-9.4 94.8-27.9 138.7a355.92 355.92 0 01-76.3 113.3 353.06 353.06 0 01-113.2 76.4c-43.8 18.6-90.5 28-138.5 28s-94.7-9.4-138.5-28a353.06 353.06 0 01-113.2-76.4A355.92 355.92 0 01184 650.4a355 355 0 01-27.9-138.7c0-48.1 9.4-94.8 27.9-138.7 17.9-42.4 43.6-80.5 76.3-113.3 19-19 39.8-35.6 62.2-49.8 4.7-2.9 7.5-8.1 7.5-13.6V132c0-6-6.3-9.8-11.6-7.2C178.5 195.2 82 339.3 80 506.3 77.2 745.1 272.5 943.5 511.2 944c239 .5 432.8-193.3 432.8-432.4 0-169.2-97-315.7-238.4-386.7zM480 560h64c4.4 0 8-3.6 8-8V88c0-4.4-3.6-8-8-8h-64c-4.4 0-8 3.6-8 8v464c0 4.4 3.6 8 8 8z"
              />
            </svg>
          </span>
          <span>
            <a
              href="/api/logout"
            >
              Logout
            </a>
          </span>
        </li>
      </ul>
    </div>
    <div
      className="ant-layout-sider-trigger"
      onClick={[Function]}
      style={
        Object {
          "width": "80px",
        }
      }
    >
      <span
        aria-label="right"
        className="anticon anticon-right"
        role="img"
      >
        <svg
          aria-hidden="true"
          data-icon="right"
          fill="currentColor"
          focusable="false"
          height="1em"
          viewBox="64 64 896 896"
          width="1em"
        >
          <path
            d="M765.7 486.8L314.9 134.7A7.97 7.97 0 00302 141v77.3c0 4.9 2.3 9.6 6.1 12.6l360 281.1-360 281.1c-3.9 3-6.1 7.7-6.1 12.6V883c0 6.7 7.7 10.4 12.9 6.3l450.8-352.1a31.96 31.96 0 000-50.4z"
          />
        </svg>
      </span>
    </div>
  </aside>
  <main
    className="ant-layout-content"
  >
    <div
      className="ant-spin-nested-loading"
    >
      <div
        className="ant-spin-container"
      >
        <div
          className="site-content fill"
        >
          <div
            className="site-layout-content"
          >
            <div
              className="ant-spin-nested-loading"
            >
              <div
                className="ant-spin-container"
              >
                <h1>
                  Boards
                </h1>
                <div
                  className="box-container"
                >
                  <div
                    className="box-container__toolbox"
                  >
                    <span
                      className="ant-input-group-wrapper ant-input-search"
                      style={
                        Object {
                          "width": 250,
                        }
                      }
                    >
                      <span
                        className="ant-input-wrapper ant-input-group"
                      >
                        <span
                          className="ant-input-affix-wrapper"
                          onMouseUp={[Function]}
                          style={null}
                        >
                          <input
                            className="ant-input"
                            onBlur={[Function]}
                            onChange={[Function]}
                            onFocus={[Function]}
                            onKeyDown={[Function]}
                            placeholder="Search..."
                            style={null}
                            type="text"
                            value=""
                          />
                          <span
                            className="ant-input-suffix"
                          >
                            <span
                              aria-label="close-circle"
                              className="anticon anticon-close-circle ant-input-clear-icon-hidden ant-input-clear-icon"
                              onClick={[Function]}
                              role="button"
                              tabIndex={-1}
                            >
                              <svg
                                aria-hidden="true"
                                data-icon="close-circle"
                                fill="currentColor"
                                focusable="false"
                                height="1em"
                                viewBox="64 64 896 896"
                                width="1em"
                              >
                                <path
                                  d="M512 64C264.6 64 64 264.6 64 512s200.6 448 448 448 448-200.6 448-448S759.4 64 512 64zm165.4 618.2l-66-.3L512 563.4l-99.3 118.4-66.1.3c-4.4 0-8-3.5-8-8 0-1.9.7-3.7 1.9-5.2l130.1-155L340.5 359a8.32 8.32 0 01-1.9-5.2c0-4.4 3.6-8 8-8l66.1.3L512 464.6l99.3-118.4 66-.3c4.4 0 8 3.5 8 8 0 1.9-.7 3.7-1.9 5.2L553.5 514l130 155c1.2 1.5 1.9 3.3 1.9 5.2 0 4.4-3.6 8-8 8z"
                                />
                              </svg>
                            </span>
                          </span>
                        </span>
                        <span
                          className="ant-input-group-addon"
                        >
                          <button
                            className="ant-btn ant-btn-icon-only ant-input-search-button"
                            onClick={[Function]}
                            onMouseDown={[Function]}
                            type="button"
                          >
                            <span
                              aria-label="search"
                              className="anticon anticon-search"
                              role="img"
                            >
                              <svg
                                aria-hidden="true"
                                data-icon="search"
                                fill="currentColor"
                                focusable="false"
                                height="1em"
                                viewBox="64 64 896 896"
                                width="1em"
                              >
                                <path
                                  d="M909.6 854.5L649.9 594.8C690.2 542.7 712 479 712 412c0-80.2-31.3-155.4-87.9-212.1-56.6-56.7-132-87.9-212.1-87.9s-155.5 31.3-212.1 87.9C143.2 256.5 112 331.8 112 412c0 80.1 31.3 155.5 87.9 212.1C256.5 680.8 331.8 712 412 712c67 0 130.6-21.8 182.7-62l259.7 259.6a8.2 8.2 0 0011.6 0l43.6-43.5a8.2 8.2 0 000-11.6zM570.4 570.4C528 612.7 471.8 636 412 636s-116-23.3-158.4-65.6C211.3 528 188 471.8 188 412s23.3-116.1 65.6-158.4C296 211.3 352.2 188 412 188s116.1 23.2 158.4 65.6S636 352.2 636 412s-23.3 116.1-65.6 158.4z"
                                />
                              </svg>
                            </span>
                          </button>
                        </span>
                      </span>
                    </span>
                    <button
                      className="ant-btn"
                      onClick={[Function]}
                      type="button"
                    >
                      <span
                        aria-label="sync"
                        className="anticon anticon-sync"
                        role="img"
                      >
                        <svg
                          aria-hidden="true"
                          className=""
                          data-icon="sync"
                          fill="currentColor"
                          focusable="false"
                          height="1em"
                          viewBox="64 64 896 896"
                          width="1em"
                        >
                          <path
                            d="M168 504.2c1-43.7 10-86.1 26.9-126 17.3-41 42.1-77.7 73.7-109.4S337 212.3 378 195c42.4-17.9 87.4-27 133.9-27s91.5 9.1 133.8 27A341.5 341.5 0 01755 268.8c9.9 9.9 19.2 20.4 27.8 31.4l-60.2 47a8 8 0 003 14.1l175.7 43c5 1.2 9.9-2.6 9.9-7.7l.8-180.9c0-6.7-7.7-10.5-12.9-6.3l-56.4 44.1C765.8 155.1 646.2 92 511.8 92 282.7 92 96.3 275.6 92 503.8a8 8 0 008 8.2h60c4.4 0 7.9-3.5 8-7.8zm756 7.8h-60c-4.4 0-7.9 3.5-8 7.8-1 43.7-10 86.1-26.9 126-17.3 41-42.1 77.8-73.7 109.4A342.45 342.45 0 01512.1 856a342.24 342.24 0 01-243.2-100.8c-9.9-9.9-19.2-20.4-27.8-31.4l60.2-47a8 8 0 00-3-14.1l-175.7-43c-5-1.2-9.9 2.6-9.9 7.7l-.7 181c0 6.7 7.7 10.5 12.9 6.3l56.4-44.1C258.2 868.9 377.8 932 512.2 932c229.2 0 415.5-183.7 419.8-411.8a8 8 0 00-8-8.2z"
                          />
                        </svg>
                      </span>
                      <span>
                        Refresh
                      </span>
                    </button>
                  </div>
                  <div
                    className="ant-row box-container__row"
                    style={Object {}}
                  >
                    <div
                      className="ant-col ant-col-xs-24 ant-col-sm-24 ant-col-md-12 ant-col-xl-8 ant-col-xxl-6"
                      style={Object {}}
                    >
                      <div
                        className="ant-card ant-card-bordered ant-card-hoverable card--bordered"
                        onClick={[Function]}
                        style={
                          Object {
                            "background": "linear-gradient(to right bottom, #3ba5ff, #9254de)",
                          }
                        }
                      >
                        <div
                          className="ant-card-head"
                          style={Object {}}
                        >
                          <div
                            className="ant-card-head-wrapper"
                          >
                            <div
                              className="ant-card-head-title"
                            >
                              test-smoke
                            </div>
                          </div>
                        </div>
                        <div
                          className="ant-card-body"
                          style={Object {}}
                        >
                          <div
                            className="ant-descriptions ant-descriptions-small descriptions--iconic  card-undefined"
                          >
                            <div
                              className="ant-descriptions-view"
                            >
                              <table>
                                <tbody>
                                  <tr
                                    className="ant-descriptions-row"
                                  >
                                    <td
                                      className="ant-descriptions-item ellipsis"
                                      colSpan={1}
                                    >
                                      <div
                                        className="ant-descriptions-item-container"
                                      >
                                        <span
                                          className="ant-descriptions-item-label ant-descriptions-item-no-colon"
                                        >
                                          <span
                                            aria-label="idcard"
                                            className="anticon anticon-idcard"
                                            onMouseEnter={[Function]}
                                            onMouseLeave={[Function]}
                                            role="img"
                                          >
                                            <svg
                                              aria-hidden="true"
                                              className=""
                                              data-icon="idcard"
                                              fill="currentColor"
                                              focusable="false"
                                              height="1em"
                                              viewBox="64 64 896 896"
                                              width="1em"
                                            >
                                              <path
                                                d="M928 160H96c-17.7 0-32 14.3-32 32v640c0 17.7 14.3 32 32 32h832c17.7 0 32-14.3 32-32V192c0-17.7-14.3-32-32-32zm-40 632H136V232h752v560zM610.3 476h123.4c1.3 0 2.3-3.6 2.3-8v-48c0-4.4-1-8-2.3-8H610.3c-1.3 0-2.3 3.6-2.3 8v48c0 4.4 1 8 2.3 8zm4.8 144h185.7c3.9 0 7.1-3.6 7.1-8v-48c0-4.4-3.2-8-7.1-8H615.1c-3.9 0-7.1 3.6-7.1 8v48c0 4.4 3.2 8 7.1 8zM224 673h43.9c4.2 0 7.6-3.3 7.9-7.5 3.8-50.5 46-90.5 97.2-90.5s93.4 40 97.2 90.5c.3 4.2 3.7 7.5 7.9 7.5H522a8 8 0 008-8.4c-2.8-53.3-32-99.7-74.6-126.1a111.8 111.8 0 0029.1-75.5c0-61.9-49.9-112-111.4-112s-111.4 50.1-111.4 112c0 29.1 11 55.5 29.1 75.5a158.09 158.09 0 00-74.6 126.1c-.4 4.6 3.2 8.4 7.8 8.4zm149-262c28.5 0 51.7 23.3 51.7 52s-23.2 52-51.7 52-51.7-23.3-51.7-52 23.2-52 51.7-52z"
                                              />
                                            </svg>
                                          </span>
                                        </span>
                                        <span
                                          className="ant-descriptions-item-content"
                                        >
                                          <div
                                            className="ellipsis"
                                            style={
                                              Object {
                                                "color": "#fff",
                                              }
                                            }
                                          >
                                            test-smoke
                                          </div>
                                        </span>
                                      </div>
                                    </td>
                                  </tr>
                                  <tr
                                    className="ant-descriptions-row"
                                  >
                                    <td
                                      className="ant-descriptions-item"
                                      colSpan={1}
                                    >
                                      <div
                                        className="ant-descriptions-item-container"
                                      >
                                        <span
                                          className="ant-descriptions-item-label ant-descriptions-item-no-colon"
                                        >
                                          <span
                                            aria-label="snippets"
                                            className="anticon anticon-snippets"
                                            onMouseEnter={[Function]}
                                            onMouseLeave={[Function]}
                                            role="img"
                                          >
                                            <svg
                                              aria-hidden="true"
                                              className=""
                                              data-icon="snippets"
                                              fill="currentColor"
                                              focusable="false"
                                              height="1em"
                                              viewBox="64 64 896 896"
                                              width="1em"
                                            >
                                              <path
                                                d="M832 112H724V72c0-4.4-3.6-8-8-8h-56c-4.4 0-8 3.6-8 8v40H500V72c0-4.4-3.6-8-8-8h-56c-4.4 0-8 3.6-8 8v40H320c-17.7 0-32 14.3-32 32v120h-96c-17.7 0-32 14.3-32 32v632c0 17.7 14.3 32 32 32h512c17.7 0 32-14.3 32-32v-96h96c17.7 0 32-14.3 32-32V144c0-17.7-14.3-32-32-32zM664 888H232V336h218v174c0 22.1 17.9 40 40 40h174v338zm0-402H514V336h.2L664 485.8v.2zm128 274h-56V456L544 264H360v-80h68v32c0 4.4 3.6 8 8 8h56c4.4 0 8-3.6 8-8v-32h152v32c0 4.4 3.6 8 8 8h56c4.4 0 8-3.6 8-8v-32h68v576z"
                                              />
                                            </svg>
                                          </span>
                                        </span>
                                        <span
                                          className="ant-descriptions-item-content"
                                        >
                                          <span
                                            className="ant-tag ant-tag-has-color"
                                            style={
                                              Object {
                                                "backgroundColor": "#3ba5ff",
                                              }
                                            }
                                          >
                                            projects
                                          </span>
                                        </span>
                                      </div>
                                    </td>
                                  </tr>
                                  <tr
                                    className="ant-descriptions-row"
                                  >
                                    <td
                                      className="ant-descriptions-item"
                                      colSpan={1}
                                    >
                                      <div
                                        className="ant-descriptions-item-container"
                                      >
                                        <span
                                          className="ant-descriptions-item-label ant-descriptions-item-no-colon"
                                        >
                                          <span
                                            aria-label="clock-circle"
                                            className="anticon anticon-clock-circle"
                                            onMouseEnter={[Function]}
                                            onMouseLeave={[Function]}
                                            role="img"
                                          >
                                            <svg
                                              aria-hidden="true"
                                              className=""
                                              data-icon="clock-circle"
                                              fill="currentColor"
                                              focusable="false"
                                              height="1em"
                                              viewBox="64 64 896 896"
                                              width="1em"
                                            >
                                              <path
                                                d="M512 64C264.6 64 64 264.6 64 512s200.6 448 448 448 448-200.6 448-448S759.4 64 512 64zm0 820c-205.4 0-372-166.6-372-372s166.6-372 372-372 372 166.6 372 372-166.6 372-372 372z"
                                              />
                                              <path
                                                d="M686.7 638.6L544.1 535.5V288c0-4.4-3.6-8-8-8H488c-4.4 0-8 3.6-8 8v275.4c0 2.6 1.2 5 3.3 6.5l165.4 120.6c3.6 2.6 8.6 1.8 11.2-1.7l28.6-39c2.6-3.7 1.8-8.7-1.8-11.2z"
                                              />
                                            </svg>
                                          </span>
                                        </span>
                                        <span
                                          className="ant-descriptions-item-content"
                                        >
                                          <span
                                            className="ant-tag ant-tag-has-color"
                                            style={
                                              Object {
                                                "backgroundColor": "#9254de",
                                              }
                                            }
                                          >
                                            weeks
                                          </span>
                                        </span>
                                      </div>
                                    </td>
                                  </tr>
                                </tbody>
                              </table>
                            </div>
                          </div>
                        </div>
                      </div>
                    </div>
                  </div>
                  <div
                    className="button-action"
                    style={
                      Object {
                        "textAlign": "right",
                      }
                    }
                  >
                    <div
                      className=""
                    >
                      <button
                        className="ant-btn ant-btn-primary ant-btn-circle ant-btn-icon-only button"
                        onClick={[Function]}
                        type="button"
                      >
                        <span
                          aria-label="plus"
                          className="anticon anticon-plus"
                          role="img"
                        >
                          <svg
                            aria-hidden="true"
                            className=""
                            data-icon="plus"
                            fill="currentColor"
                            focusable="false"
                            height="1em"
                            viewBox="64 64 896 896"
                            width="1em"
                          >
                            <defs>
                              <style />
                            </defs>
                            <path
                              d="M482 152h60q8 0 8 8v704q0 8-8 8h-60q-8 0-8-8V160q0-8 8-8z"
                            />
                            <path
                              d="M176 474h672q8 0 8 8v60q0 8-8 8H176q-8 0-8-8v-60q0-8 8-8z"
                            />
                          </svg>
                        </span>
                      </button>
                    </div>
                  </div>
                </div>
              </div>
            </div>
          </div>
        </div>
      </div>
    </div>
  </main>
</section>
`;

exports[`App.jsx Snapshot: Render without login 1`] = `
<section
  className="ant-layout layout fill"
>
  <div
    className="fill"
  >
    <div
      className="ant-spin-nested-loading"
    >
      <div>
        <div
          className="ant-spin ant-spin-spinning"
        >
          <span
            aria-label="loading-3-quarters"
            className="anticon anticon-loading-3-quarters logo-spin ant-spin-dot"
            role="img"
            style={
              Object {
                "fontSize": 40,
              }
            }
          >
            <svg
              aria-hidden="true"
              className="anticon-spin"
              data-icon="loading-3-quarters"
              fill="currentColor"
              focusable="false"
              height="1em"
              viewBox="0 0 1024 1024"
              width="1em"
            >
              <path
                d="M512 1024c-69.1 0-136.2-13.5-199.3-40.2C251.7 958 197 921 150 874c-47-47-84-101.7-109.8-162.7C13.5 648.2 0 581.1 0 512c0-19.9 16.1-36 36-36s36 16.1 36 36c0 59.4 11.6 117 34.6 171.3 22.2 52.4 53.9 99.5 94.3 139.9 40.4 40.4 87.5 72.2 139.9 94.3C395 940.4 452.6 952 512 952c59.4 0 117-11.6 171.3-34.6 52.4-22.2 99.5-53.9 139.9-94.3 40.4-40.4 72.2-87.5 94.3-139.9C940.4 629 952 571.4 952 512c0-59.4-11.6-117-34.6-171.3a440.45 440.45 0 00-94.3-139.9 437.71 437.71 0 00-139.9-94.3C629 83.6 571.4 72 512 72c-19.9 0-36-16.1-36-36s16.1-36 36-36c69.1 0 136.2 13.5 199.3 40.2C772.3 66 827 103 874 150c47 47 83.9 101.8 109.7 162.7 26.7 63.1 40.2 130.2 40.2 199.3s-13.5 136.2-40.2 199.3C958 772.3 921 827 874 874c-47 47-101.8 83.9-162.7 109.7-63.1 26.8-130.2 40.3-199.3 40.3z"
              />
            </svg>
          </span>
        </div>
      </div>
      <div
        className="ant-spin-container ant-spin-blur"
      >
        <div
          className="fill"
        />
      </div>
    </div>
  </div>
</section>
`;
